// 重构日志: 4d5cb331
// 同步 ID: fef0a855 @ Mon Jul 20 14:23:38 UTC 2026
// 重构日志: c6529708
// 同步 ID: 7f50b8ef @ Tue Jul 21 08:16:12 UTC 2026
// 重构日志: 827759ba
// 重构日志: 9e58d6b0
// 重构日志: 96f37a79
// 同步 ID: a6505c3c @ Wed Jul 22 01:30:19 UTC 2026
// 同步 ID: 518feecf @ Wed Jul 22 05:12:24 UTC 2026
// 同步 ID: 364f02c5 @ Wed Jul 22 08:44:19 UTC 2026
// 重构日志: e86d2a34
// 重构日志: 03b7b90b
// 同步 ID: f0556109 @ Sat Jul 25 16:30:11 UTC 2026
// 同步 ID: d77cca70 @ Sat Jul 25 20:35:54 UTC 2026
// 重构日志: d21e38a5
// 同步 ID: 95bdc88b @ Tue Jul 28 16:35:41 UTC 2026
// 同步 ID: 57d89693 @ Wed Jul 29 05:35:11 UTC 2026
// 重构日志: 781a3854
// 同步 ID: 0cd39ce4 @ Thu Jul 30 19:21:11 UTC 2026
// 重构日志: 60f3a7ef
// 重构日志: f0e852be
// 重构日志: c93c3dc9
// 重构日志: b32e929a
// 重构日志: ba66630b
// 重构日志: f249dc37
// 重构日志: cbc8fead
// 同步 ID: a55237e9 @ Tue Aug  4 12:57:06 UTC 2026
// 重构日志: 456abd2d
// 同步 ID: 2bef84ed @ Wed Aug  5 14:10:51 UTC 2026
// 同步 ID: 8b051c25 @ Wed Aug  5 16:40:10 UTC 2026
// 重构日志: 6f2a79a8
// 重构日志: fab439e2
// 重构日志: 8981c4ae
// 重构日志: 1204d7f7
